// Jest Snapshot v1, https://goo.gl/fbAQLP

exports[`AddBookModal Snapshot should render modal component styles 1`] = `
<div
  className="css-2wtgp9"
  onClick={[Function]}
>
  <div
    className="css-15e9n3k"
    onClick={[Function]}
  >
    <div
      className="css-1pgkpxz"
      direction="row"
    >
      <p
        className="css-dtk8j7"
        fontFamily="IBM Plex Sans"
        fontWeight="bold"
      >
        Add New Book
      </p>
      <p
        className="css-1lkb4ir"
        cursor="pointer"
        fontFamily="IBM Plex Sans"
        onClick={[Function]}
        onKeyDown={[Function]}
        tabIndex={0}
      >
        X
      </p>
    </div>
    <form
      className="css-1v885rd"
    >
      <label
        className="css-1iyoj2o"
      >
        <p
          className="css-16kvdet"
          fontFamily="IBM Plex Sans"
          fontWeight="700"
        >
          Title
        </p>
        <input
          className="css-mn8zue"
          name="title"
          onBlur={[Function]}
          onChange={[Function]}
        />
      </label>
      <label
        className="css-1iyoj2o"
      >
        <p
          className="css-16kvdet"
          fontFamily="IBM Plex Sans"
          fontWeight="700"
        >
          Author
        </p>
        <input
          className="css-mn8zue"
          name="author"
          onBlur={[Function]}
          onChange={[Function]}
        />
      </label>
      <label
        className="css-1iyoj2o"
      >
        <p
          className="css-16kvdet"
          fontFamily="IBM Plex Sans"
          fontWeight="700"
        >
          Description
        </p>
        <textarea
          className="css-mn8zue"
          name="description"
          onBlur={[Function]}
          onChange={[Function]}
          rows="6"
        />
      </label>
    </form>
    <div
      className="css-1a6mal2"
      direction="row"
    >
      <p
        className="css-1fd35ut"
        color="#F00"
        cursor="pointer"
        fontFamily="IBM Plex Sans"
        onClick={[Function]}
        onKeyDown={[Function]}
        tabIndex={0}
      >
        Cancel
      </p>
      <button
        className="css-wkrzoz"
        onClick={[Function]}
      >
        <p
          className="css-1sofp4k"
          fontFamily="IBM Plex Sans"
        >
          Add Book
        </p>
      </button>
    </div>
  </div>
</div>
`;
