// Jest Snapshot v1, https://goo.gl/fbAQLP

exports[`Button should render button component styles 1`] = `
<button
  className="css-1f0mwd7"
>
  big red button
</button>
`;
