// Jest Snapshot v1, https://goo.gl/fbAQLP

exports[`Text Area should render text area component styles 1`] = `
<label
  className="css-1iyoj2o"
>
  <p
    className="css-1v2p52x"
    fontFamily="IBM Plex Sans"
    fontWeight="700"
  >
    prompt
  </p>
  <textarea
    className="css-mn8zue"
  />
</label>
`;
