// Jest Snapshot v1, https://goo.gl/fbAQLP

exports[`Form should render form component styles 1`] = `
<form
  className="css-1v885rd"
>
  feedback
</form>
`;
