// Jest Snapshot v1, https://goo.gl/fbAQLP

exports[`Link should render link component styles 1`] = `
<a
  className="css-1sofp4k"
  fontFamily="IBM Plex Sans"
>
  legend of zelda
</a>
`;
