// Jest Snapshot v1, https://goo.gl/fbAQLP

exports[`Footer should render footer component styling 1`] = `
<div
  className="css-pkc6ac"
  direction="row"
>
  <text
    className="css-yma8y4"
    fontFamily="IBM Plex Sans"
  >
    Hello World
  </text>
</div>
`;
