// Jest Snapshot v1, https://goo.gl/fbAQLP

exports[`Book should render book component styles 1`] = `
<div
  className="css-xi7dgk"
  onClick={[Function]}
  onKeyDown={[Function]}
  tabIndex={0}
>
  <h2
    className="css-c0iozm"
    fontFamily="IBM Plex Sans"
  >
    Harry Potter and the Chamber of Secrets
  </h2>
  <h2
    className="css-t3u8wj"
    fontFamily="IBM Plex Sans"
    fontStyle="italic"
    fontWeight="400"
  >
    J.K. Rowling
  </h2>
</div>
`;
