// Jest Snapshot v1, https://goo.gl/fbAQLP

exports[`Section should render section component styles 1`] = `
<section
  className="css-3qpy7j"
>
  <div
    className="css-xqmc9"
  >
    part me
  </div>
</section>
`;
