// Jest Snapshot v1, https://goo.gl/fbAQLP

exports[`Input should render input component styles 1`] = `
<label
  className="css-1iyoj2o"
>
  <p
    className="css-z3zo0q"
    fontFamily="IBM Plex Sans"
    fontWeight="700"
  >
    prompt
  </p>
  <input
    className="css-5jib8k"
  />
</label>
`;
